// Jest Snapshot v1, https://goo.gl/fbAQLP

exports[`<PhotoGallery /> Render the component <PhotoGallery /> 1`] = `ShallowWrapper {}`;
